------------------------------------------------------------
TimeQuest Timing Analyzer Summary
------------------------------------------------------------

Type  : Slow 1100mV 85C Model Setup 'ov7670_top:top_comp|Top_AchandoPonto:AchandoPonto|FSM_AchandoPonto:FSM|ativarQuad'
Slack : -170.127
TNS   : -2177.302

Type  : Slow 1100mV 85C Model Setup 'ov7670_top:top_comp|Top_AchandoPonto:AchandoPonto|FSM_AchandoPonto:FSM|actualState.QualquerPreto'
Slack : -111.041
TNS   : -14120.309

Type  : Slow 1100mV 85C Model Setup 'CLOCK_50'
Slack : -5.861
TNS   : -503.286

Type  : Slow 1100mV 85C Model Setup 'GPIO_0[6]'
Slack : -4.411
TNS   : -77.865

Type  : Slow 1100mV 85C Model Hold 'GPIO_0[6]'
Slack : 0.377
TNS   : 0.000

Type  : Slow 1100mV 85C Model Hold 'CLOCK_50'
Slack : 0.487
TNS   : 0.000

Type  : Slow 1100mV 85C Model Hold 'ov7670_top:top_comp|Top_AchandoPonto:AchandoPonto|FSM_AchandoPonto:FSM|actualState.QualquerPreto'
Slack : 2.555
TNS   : 0.000

Type  : Slow 1100mV 85C Model Hold 'ov7670_top:top_comp|Top_AchandoPonto:AchandoPonto|FSM_AchandoPonto:FSM|ativarQuad'
Slack : 3.726
TNS   : 0.000

Type  : Slow 1100mV 85C Model Recovery 'ov7670_top:top_comp|Top_AchandoPonto:AchandoPonto|FSM_AchandoPonto:FSM|actualState.QualquerPreto'
Slack : -4.686
TNS   : -523.702

Type  : Slow 1100mV 85C Model Removal 'ov7670_top:top_comp|Top_AchandoPonto:AchandoPonto|FSM_AchandoPonto:FSM|actualState.QualquerPreto'
Slack : 3.060
TNS   : 0.000

Type  : Slow 1100mV 85C Model Minimum Pulse Width 'CLOCK_50'
Slack : -3.166
TNS   : -184.743

Type  : Slow 1100mV 85C Model Minimum Pulse Width 'ov7670_top:top_comp|Top_AchandoPonto:AchandoPonto|FSM_AchandoPonto:FSM|actualState.QualquerPreto'
Slack : -0.724
TNS   : -161.682

Type  : Slow 1100mV 85C Model Minimum Pulse Width 'GPIO_0[6]'
Slack : -0.724
TNS   : -36.676

Type  : Slow 1100mV 85C Model Minimum Pulse Width 'ov7670_top:top_comp|Top_AchandoPonto:AchandoPonto|FSM_AchandoPonto:FSM|ativarQuad'
Slack : 0.250
TNS   : 0.000

Type  : Slow 1100mV 0C Model Setup 'ov7670_top:top_comp|Top_AchandoPonto:AchandoPonto|FSM_AchandoPonto:FSM|ativarQuad'
Slack : -179.759
TNS   : -2296.029

Type  : Slow 1100mV 0C Model Setup 'ov7670_top:top_comp|Top_AchandoPonto:AchandoPonto|FSM_AchandoPonto:FSM|actualState.QualquerPreto'
Slack : -116.198
TNS   : -14782.165

Type  : Slow 1100mV 0C Model Setup 'CLOCK_50'
Slack : -5.631
TNS   : -517.150

Type  : Slow 1100mV 0C Model Setup 'GPIO_0[6]'
Slack : -4.202
TNS   : -74.182

Type  : Slow 1100mV 0C Model Hold 'CLOCK_50'
Slack : 0.027
TNS   : 0.000

Type  : Slow 1100mV 0C Model Hold 'GPIO_0[6]'
Slack : 0.367
TNS   : 0.000

Type  : Slow 1100mV 0C Model Hold 'ov7670_top:top_comp|Top_AchandoPonto:AchandoPonto|FSM_AchandoPonto:FSM|actualState.QualquerPreto'
Slack : 2.385
TNS   : 0.000

Type  : Slow 1100mV 0C Model Hold 'ov7670_top:top_comp|Top_AchandoPonto:AchandoPonto|FSM_AchandoPonto:FSM|ativarQuad'
Slack : 3.335
TNS   : 0.000

Type  : Slow 1100mV 0C Model Recovery 'ov7670_top:top_comp|Top_AchandoPonto:AchandoPonto|FSM_AchandoPonto:FSM|actualState.QualquerPreto'
Slack : -4.861
TNS   : -553.421

Type  : Slow 1100mV 0C Model Removal 'ov7670_top:top_comp|Top_AchandoPonto:AchandoPonto|FSM_AchandoPonto:FSM|actualState.QualquerPreto'
Slack : 3.364
TNS   : 0.000

Type  : Slow 1100mV 0C Model Minimum Pulse Width 'CLOCK_50'
Slack : -3.166
TNS   : -190.368

Type  : Slow 1100mV 0C Model Minimum Pulse Width 'ov7670_top:top_comp|Top_AchandoPonto:AchandoPonto|FSM_AchandoPonto:FSM|actualState.QualquerPreto'
Slack : -0.724
TNS   : -165.124

Type  : Slow 1100mV 0C Model Minimum Pulse Width 'GPIO_0[6]'
Slack : -0.724
TNS   : -36.893

Type  : Slow 1100mV 0C Model Minimum Pulse Width 'ov7670_top:top_comp|Top_AchandoPonto:AchandoPonto|FSM_AchandoPonto:FSM|ativarQuad'
Slack : 0.241
TNS   : 0.000

Type  : Fast 1100mV 85C Model Setup 'ov7670_top:top_comp|Top_AchandoPonto:AchandoPonto|FSM_AchandoPonto:FSM|ativarQuad'
Slack : -69.799
TNS   : -892.569

Type  : Fast 1100mV 85C Model Setup 'ov7670_top:top_comp|Top_AchandoPonto:AchandoPonto|FSM_AchandoPonto:FSM|actualState.QualquerPreto'
Slack : -45.989
TNS   : -5826.800

Type  : Fast 1100mV 85C Model Setup 'CLOCK_50'
Slack : -2.476
TNS   : -155.829

Type  : Fast 1100mV 85C Model Setup 'GPIO_0[6]'
Slack : -1.290
TNS   : -21.484

Type  : Fast 1100mV 85C Model Hold 'CLOCK_50'
Slack : 0.139
TNS   : 0.000

Type  : Fast 1100mV 85C Model Hold 'GPIO_0[6]'
Slack : 0.165
TNS   : 0.000

Type  : Fast 1100mV 85C Model Hold 'ov7670_top:top_comp|Top_AchandoPonto:AchandoPonto|FSM_AchandoPonto:FSM|actualState.QualquerPreto'
Slack : 0.971
TNS   : 0.000

Type  : Fast 1100mV 85C Model Hold 'ov7670_top:top_comp|Top_AchandoPonto:AchandoPonto|FSM_AchandoPonto:FSM|ativarQuad'
Slack : 1.619
TNS   : 0.000

Type  : Fast 1100mV 85C Model Recovery 'ov7670_top:top_comp|Top_AchandoPonto:AchandoPonto|FSM_AchandoPonto:FSM|actualState.QualquerPreto'
Slack : -1.734
TNS   : -183.041

Type  : Fast 1100mV 85C Model Removal 'ov7670_top:top_comp|Top_AchandoPonto:AchandoPonto|FSM_AchandoPonto:FSM|actualState.QualquerPreto'
Slack : 1.009
TNS   : 0.000

Type  : Fast 1100mV 85C Model Minimum Pulse Width 'CLOCK_50'
Slack : -2.174
TNS   : -40.906

Type  : Fast 1100mV 85C Model Minimum Pulse Width 'ov7670_top:top_comp|Top_AchandoPonto:AchandoPonto|FSM_AchandoPonto:FSM|actualState.QualquerPreto'
Slack : -0.199
TNS   : -15.186

Type  : Fast 1100mV 85C Model Minimum Pulse Width 'GPIO_0[6]'
Slack : -0.084
TNS   : -2.709

Type  : Fast 1100mV 85C Model Minimum Pulse Width 'ov7670_top:top_comp|Top_AchandoPonto:AchandoPonto|FSM_AchandoPonto:FSM|ativarQuad'
Slack : 0.295
TNS   : 0.000

Type  : Fast 1100mV 0C Model Setup 'ov7670_top:top_comp|Top_AchandoPonto:AchandoPonto|FSM_AchandoPonto:FSM|ativarQuad'
Slack : -66.405
TNS   : -848.914

Type  : Fast 1100mV 0C Model Setup 'ov7670_top:top_comp|Top_AchandoPonto:AchandoPonto|FSM_AchandoPonto:FSM|actualState.QualquerPreto'
Slack : -43.635
TNS   : -5534.890

Type  : Fast 1100mV 0C Model Setup 'CLOCK_50'
Slack : -2.105
TNS   : -144.834

Type  : Fast 1100mV 0C Model Setup 'GPIO_0[6]'
Slack : -1.052
TNS   : -17.489

Type  : Fast 1100mV 0C Model Hold 'CLOCK_50'
Slack : 0.102
TNS   : 0.000

Type  : Fast 1100mV 0C Model Hold 'GPIO_0[6]'
Slack : 0.151
TNS   : 0.000

Type  : Fast 1100mV 0C Model Hold 'ov7670_top:top_comp|Top_AchandoPonto:AchandoPonto|FSM_AchandoPonto:FSM|actualState.QualquerPreto'
Slack : 0.870
TNS   : 0.000

Type  : Fast 1100mV 0C Model Hold 'ov7670_top:top_comp|Top_AchandoPonto:AchandoPonto|FSM_AchandoPonto:FSM|ativarQuad'
Slack : 1.491
TNS   : 0.000

Type  : Fast 1100mV 0C Model Recovery 'ov7670_top:top_comp|Top_AchandoPonto:AchandoPonto|FSM_AchandoPonto:FSM|actualState.QualquerPreto'
Slack : -1.630
TNS   : -175.031

Type  : Fast 1100mV 0C Model Removal 'ov7670_top:top_comp|Top_AchandoPonto:AchandoPonto|FSM_AchandoPonto:FSM|actualState.QualquerPreto'
Slack : 1.029
TNS   : 0.000

Type  : Fast 1100mV 0C Model Minimum Pulse Width 'CLOCK_50'
Slack : -2.174
TNS   : -41.117

Type  : Fast 1100mV 0C Model Minimum Pulse Width 'ov7670_top:top_comp|Top_AchandoPonto:AchandoPonto|FSM_AchandoPonto:FSM|actualState.QualquerPreto'
Slack : -0.128
TNS   : -7.925

Type  : Fast 1100mV 0C Model Minimum Pulse Width 'GPIO_0[6]'
Slack : -0.084
TNS   : -2.714

Type  : Fast 1100mV 0C Model Minimum Pulse Width 'ov7670_top:top_comp|Top_AchandoPonto:AchandoPonto|FSM_AchandoPonto:FSM|ativarQuad'
Slack : 0.308
TNS   : 0.000

------------------------------------------------------------
