------------------------------------------------------------
TimeQuest Timing Analyzer Summary
------------------------------------------------------------

Type  : Slow Model Setup 'clk50'
Slack : -6.165
TNS   : -3570.513

Type  : Slow Model Setup 'OV7670_PCLK'
Slack : -3.256
TNS   : -2570.250

Type  : Slow Model Hold 'OV7670_PCLK'
Slack : 0.391
TNS   : 0.000

Type  : Slow Model Hold 'clk50'
Slack : 0.391
TNS   : 0.000

Type  : Slow Model Minimum Pulse Width 'OV7670_PCLK'
Slack : -1.880
TNS   : -3651.980

Type  : Slow Model Minimum Pulse Width 'clk50'
Slack : -1.880
TNS   : -3355.468

Type  : Fast Model Setup 'clk50'
Slack : -2.913
TNS   : -1261.117

Type  : Fast Model Setup 'OV7670_PCLK'
Slack : -1.457
TNS   : -827.289

Type  : Fast Model Hold 'OV7670_PCLK'
Slack : 0.215
TNS   : 0.000

Type  : Fast Model Hold 'clk50'
Slack : 0.215
TNS   : 0.000

Type  : Fast Model Minimum Pulse Width 'OV7670_PCLK'
Slack : -1.880
TNS   : -3651.980

Type  : Fast Model Minimum Pulse Width 'clk50'
Slack : -1.880
TNS   : -3355.468

------------------------------------------------------------
